// Vitest Snapshot v1, https://vitest.dev/guide/snapshot.html

exports[`Components > Organisms > PersoanlInfoList > Snapshot > Should match snapshot 1`] = `
<div>
  <ul
    class="list-none grid grid-cols-2 gap-4"
    data-testid="personal-info-list"
  >
    <li
      data-testid="personal-info-list-item"
    >
      <span
        class="font-bold"
        data-testid="personal-info-list-item-key"
      >
        Nome
        :
      </span>
      <span
        class="ml-2 font-light"
        data-testid="personal-info-list-item-value"
      >
        Rogério Yokoi
      </span>
    </li>
    <li
      data-testid="personal-info-list-item"
    >
      <span
        class="font-bold"
        data-testid="personal-info-list-item-key"
      >
        Idade
        :
      </span>
      <span
        class="ml-2 font-light"
        data-testid="personal-info-list-item-value"
      >
        40 anos
      </span>
    </li>
    <li
      data-testid="personal-info-list-item"
    >
      <span
        class="font-bold"
        data-testid="personal-info-list-item-key"
      >
        Nacionalidade
        :
      </span>
      <span
        class="ml-2 font-light"
        data-testid="personal-info-list-item-value"
      >
        Brasileira
      </span>
    </li>
    <li
      data-testid="personal-info-list-item"
    >
      <span
        class="font-bold"
        data-testid="personal-info-list-item-key"
      >
        Residência
        :
      </span>
      <span
        class="ml-2 font-light"
        data-testid="personal-info-list-item-value"
      >
        Uberaba / MG
      </span>
    </li>
    <li
      data-testid="personal-info-list-item"
    >
      <span
        class="font-bold"
        data-testid="personal-info-list-item-key"
      >
        Idiomas
        :
      </span>
      <span
        class="ml-2 font-light"
        data-testid="personal-info-list-item-value"
      >
        Português (Nativo), Inglês (Técnico)
      </span>
    </li>
  </ul>
</div>
`;
